// Jest Snapshot v1, https://goo.gl/fbAQLP

exports[` - Pruebas en el componente <TodoListItem />  - Debe de Mostrarse correctamente  1`] = `
<li
  className="list-group-item"
  key="12234567891"
>
  <p
    className="false"
    onClick={[Function]}
  >
    1
    . - 
    Aprender a Testear
  </p>
  <button
    className="btn btn-danger"
    onClick={[Function]}
  >
    Borrar
  </button>
</li>
`;
