// Jest Snapshot v1, https://goo.gl/fbAQLP

exports[` * Pruebas en componente <AppRouter />  - Debe de mostrarse correctamente 1`] = `
<div>
  <nav
    className="navbar navbar-expand-sm navbar-dark bg-dark"
  >
    <div
      className="container-fluid"
    >
      <a
        className="navbar-brand"
        href="/"
        onClick={[Function]}
      >
         UseContext 
      </a>
      <div
        className="collapse navbar-collapse"
        id="navbarNav"
      >
        <ul
          className="navbar-nav"
        >
          <li
            className="nav-item"
          >
            <a
              aria-current="page"
              className="nav-link active"
              href="/"
              onClick={[Function]}
            >
               Home 
            </a>
          </li>
          <li
            className="nav-item"
          >
            <a
              className="nav-link"
              href="/login"
              onClick={[Function]}
            >
               Login 
            </a>
          </li>
          <li
            className="nav-item"
          >
            <a
              className="nav-link"
              href="/about"
              onClick={[Function]}
            >
               About 
            </a>
          </li>
        </ul>
      </div>
    </div>
  </nav>
  <div>
    <h1>
       HomeScreen 
    </h1>
    <hr />
    <pre
      className="container"
    />
  </div>
</div>
`;
