// Jest Snapshot v1, https://goo.gl/fbAQLP

exports[` * Pruebas en el componente <HomeScreen />  - Debe de mostrarse correctamente 1`] = `
<div>
  <h1>
     HomeScreen 
  </h1>
  <hr />
  <pre
    className="container"
  >
    {
   "name": "Richi!!",
   "email": "richi@gmail.com"
}
  </pre>
</div>
`;
